.ACDEINOPST_abcdefghilmnoprstuy
3c1
.u
3c1
.u
3c1
3c1
3c1
3c1
128398a4
DEINOP
