 (0) -> 0 0
A (2) -> 1 1
AC (62) -> 2 2
ACD (1062) -> 3 3
ACDE (29062) -> 4 4
ACDEI (629062) -> 5 5
ACDEIN (e629062) -> 6 6
 (0) -> 0 0
A (2) -> 1 1
AC (62) -> 2 2
ACD (1062) -> 3 3
ACDE (29062) -> 4 4
ACDEI (629062) -> 5 5
ACDEIN (e629062) -> 6 6
ACDEINO (20e629062) -> 7 7
ACDEINOP (4a0e629062) -> 8 8
ACDEINOPS (a4a0e629062) -> 9 9
ACDEINOPST (16a4a0e629062) -> 10 10
ACDEINOPST_ (316a4a0e629062) -> 11 11
ACDEINOPST_a (6b16a4a0e629062) -> 12 12
