縹瓲	䡁 -> 縹瓲	䡁
롉瓲 䡁 -> 롉瓲 䡁
Vf L -> Vf L
vf	l -> Vf	L
VF L -> Vf L
縹瓲	䡁 -> 縹瓲	䡁
롉瓲 䡁 -> 롉瓲 䡁
Vf L -> Vf L
vf	l -> Vf	L
VF L -> Vf L
縹瓲	䡁 -> 縹瓲	䡁
롉瓲 䡁 -> 롉瓲 䡁
Vf L -> Vf L
vf	l -> Vf	L
VF L -> Vf L
