縹瓲䡁 -> 縹瓲䡁
롉瓲䡁 -> 롉瓲䡁
VfL -> VFL
vfl -> VFL
VFL -> VFL
縹瓲䡁 -> 縹瓲䡁
롉瓲䡁 -> 롉瓲䡁
VfL -> VFL
vfl -> VFL
VFL -> VFL
縹瓲䡁 -> 縹瓲䡁
롉瓲䡁 -> 롉瓲䡁
VfL -> VFL
vfl -> VFL
VFL -> VFL
縹瓲䡁 -> 縹瓲䡁
롉瓲䡁 -> 롉瓲䡁
VfL -> VFL
vfl -> VFL
VFL -> VFL
