mulle_utf8_strncspn( NULL, 0, NULL) = 0 (0)
mulle_utf8_strncspn( "", 0, NULL) = 0 (0)
mulle_utf8_strncspn( NULL, 0, "") = 0 (0)
mulle_utf8_strncspn( "", 0, "") = 0 (0)
mulle_utf8_strncspn( "", 1, "") = 1 (0)
mulle_utf8_strncspn( NULL, 2, "") = 0 (0)
mulle_utf8_strncspn( "abcd", -1, "a") = 0 (0)
mulle_utf8_strncspn( "abcd", 4, "b") = 1 (1)
mulle_utf8_strncspn( "abc", 3, "d") = 3 (3)
mulle_utf8_strncspn( "abcd", 4, "d") = 3 (3)
mulle_utf8_strncspn( "abcd", 4, "xyz") = 4 (4)
mulle_utf8_strncspn( "abcd", -1, "xdy") = 3 (3)
mulle_utf8_strncspn( "abcd", 4, "ab") = 0 (0)
mulle_utf8_strncspn( "abcd", 4, "bc") = 1 (1)
mulle_utf8_strncspn( "abcd", 4, "abc") = 0 (0)
mulle_utf8_strncspn( "abc", 3, "b") = 1 (1)
mulle_utf8_strncspn( "abc", 3, "abc") = 0 (0)
