mulle_utf8_strnspn( NULL, 0, NULL) = 0 (0)
mulle_utf8_strnspn( "", 0, NULL) = 0 (0)
mulle_utf8_strnspn( NULL, 0, "") = 0 (0)
mulle_utf8_strnspn( "", 0, "") = 0 (0)
mulle_utf8_strnspn( "", 1, "") = 0 (0)
mulle_utf8_strnspn( NULL, 2, "") = 0 (0)
mulle_utf8_strnspn( "abcd", -1, "a") = 1 (1)
mulle_utf8_strnspn( "abcd", 4, "b") = 0 (0)
mulle_utf8_strnspn( "abc", 3, "d") = 0 (0)
mulle_utf8_strnspn( "abcd", 4, "d") = 0 (0)
mulle_utf8_strnspn( "abcd", -1, "xyz") = 0 (0)
mulle_utf8_strnspn( "abcd", -1, "xcz") = 0 (0)
mulle_utf8_strnspn( "abcd", 4, "ab") = 2 (2)
mulle_utf8_strnspn( "abcd", 4, "bc") = 0 (0)
mulle_utf8_strnspn( "abcd", 4, "abc") = 3 (3)
mulle_utf8_strnspn( "abc", 3, "b") = 0 (0)
mulle_utf8_strnspn( "abc", 3, "abc") = 3 (3)
