"1848" -> 1848
"+1848" -> 1848
"-1848" -> -1848
"-1848a" -> -1848 garbage: 'a' (2)
"+" garbage: '+' (-1)
"-" garbage: '-' (-1)
"a" garbage: 'a' (-1)
"." garbage: '.' (-1)
"," garbage: ',' (-1)
"0" -> 0
"1" -> 1
"9" -> 9
"++" garbage: '+' (-1)
"+-" garbage: '+' (-1)
"+a" garbage: '+' (-1)
"+." garbage: '+' (-1)
"+," garbage: '+' (-1)
"+0" -> 0
"+1" -> 1
"+9" -> 9
"-+" garbage: '-' (-1)
"--" garbage: '-' (-1)
"-a" garbage: '-' (-1)
"-." garbage: '-' (-1)
"-," garbage: '-' (-1)
"-0" -> 0
"-1" -> -1
"-9" -> -9
"0+" -> 0 garbage: '+' (2)
"0-" -> 0 garbage: '-' (2)
"0a" -> 0 garbage: 'a' (2)
"0." -> 0 garbage: '.' (2)
"0," -> 0 garbage: ',' (2)
"00" -> 0
"01" -> 1
"09" -> 9
"1+" -> 1 garbage: '+' (2)
"1-" -> 1 garbage: '-' (2)
"1a" -> 1 garbage: 'a' (2)
"1." -> 1 garbage: '.' (2)
"1," -> 1 garbage: ',' (2)
"10" -> 10
"11" -> 11
"19" -> 19
"" (-1)
"-9223372036854775808" -> LLONG_MIN
"9223372036854775807" -> LLONG_MAX
"18446744073709551615" -> ULLONG_MAX (1)
"-123456789012345678901234567890" (-2)
"123456789012345678901234567890" (-2)
"+123456789012345678901234567890" (-2)
