mulle_utf8_strcspn( NULL, NULL) = 0 (0)
mulle_utf8_strcspn( "", NULL) = 0 (0)
mulle_utf8_strcspn( NULL, "") = 0 (0)
mulle_utf8_strcspn( "", "") = 0 (0)
mulle_utf8_strcspn( "", "") = 0 (0)
mulle_utf8_strcspn( NULL, "") = 0 (0)
mulle_utf8_strcspn( "abcd", "a") = 0 (0)
mulle_utf8_strcspn( "abcd", "b") = 1 (1)
mulle_utf8_strcspn( "abcd", "d") = 3 (3)
mulle_utf8_strcspn( "abcd", "xyz") = 4 (4)
mulle_utf8_strcspn( "abcd", "xcz") = 2 (2)
mulle_utf8_strcspn( "abcd", "ab") = 0 (0)
mulle_utf8_strcspn( "abcd", "bc") = 1 (1)
mulle_utf8_strcspn( "abcd", "abc") = 0 (0)
mulle_utf8_strcspn( "abc", "b") = 1 (1)
mulle_utf8_strcspn( "abc", "abc") = 0 (0)
