3aae
.u
3aae
3aae
3aae
3aae
a5426cc
LMPR
a5426cc
LMPR
