 (0) -> 0 0
v (76) -> 1 1
vf (3376) -> 2 2
vfl (1b3376) -> 3 3
vfl: (75b3376) -> 4 4
 (0) -> 0 0
v (76) -> 1 1
vf (3376) -> 2 2
vfl (1b3376) -> 3 3
vfl: (75b3376) -> 4 4
vfl:b (6275b3376) -> 5 5
vfl:bo (37e275b3376) -> 6 6
vfl:boc (18f7e275b3376) -> 7 7
vfl:boch (d18f7e275b3376) -> 8 8
