.( 0, 0) -> 
.( 0, 1) -> .
.0( 0, 0) -> 
.0( 0, 1) -> .
.0( 0, 2) -> .0
.0( 1, 0) -> 
.0( 1, 1) -> 0
.01( 0, 0) -> 
.01( 0, 1) -> .
.01( 0, 2) -> .0
.01( 0, 3) -> .01
.01( 1, 0) -> 
.01( 1, 1) -> 0
.01( 1, 2) -> 01
.01( 2, 0) -> 
.01( 2, 1) -> 1
.012( 0, 0) -> 
.012( 0, 1) -> .
.012( 0, 2) -> .0
.012( 0, 3) -> .01
.012( 0, 4) -> .012
.012( 1, 0) -> 
.012( 1, 1) -> 0
.012( 1, 2) -> 01
.012( 1, 3) -> 012
.012( 2, 0) -> 
.012( 2, 1) -> 1
.012( 2, 2) -> 12
.012( 3, 0) -> 
.012( 3, 1) -> 2
.( 0, 0) -> 
.( 0, 1) -> .
.0( 0, 0) -> 
.0( 0, 1) -> .
.0( 0, 2) -> .0
.0( 1, 0) -> 
.0( 1, 1) -> 0
.01( 0, 0) -> 
.01( 0, 1) -> .
.01( 0, 2) -> .0
.01( 0, 3) -> .01
.01( 1, 0) -> 
.01( 1, 1) -> 0
.01( 1, 2) -> 01
.01( 2, 0) -> 
.01( 2, 1) -> 1
.012( 0, 0) -> 
.012( 0, 1) -> .
.012( 0, 2) -> .0
.012( 0, 3) -> .01
.012( 0, 4) -> .012
.012( 1, 0) -> 
.012( 1, 1) -> 0
.012( 1, 2) -> 01
.012( 1, 3) -> 012
.012( 2, 0) -> 
.012( 2, 1) -> 1
.012( 2, 2) -> 12
.012( 3, 0) -> 
.012( 3, 1) -> 2
.012A( 0, 0) -> 
.012A( 0, 1) -> .
.012A( 0, 2) -> .0
.012A( 0, 3) -> .01
.012A( 0, 4) -> .012
.012A( 0, 5) -> .012A
.012A( 1, 0) -> 
.012A( 1, 1) -> 0
.012A( 1, 2) -> 01
.012A( 1, 3) -> 012
.012A( 1, 4) -> 012A
.012A( 2, 0) -> 
.012A( 2, 1) -> 1
.012A( 2, 2) -> 12
.012A( 2, 3) -> 12A
.012A( 3, 0) -> 
.012A( 3, 1) -> 2
.012A( 3, 2) -> 2A
.012A( 4, 0) -> 
.012A( 4, 1) -> A
.012AC( 0, 0) -> 
.012AC( 0, 1) -> .
.012AC( 0, 2) -> .0
.012AC( 0, 3) -> .01
.012AC( 0, 4) -> .012
.012AC( 0, 5) -> .012A
.012AC( 0, 6) -> .012AC
.012AC( 1, 0) -> 
.012AC( 1, 1) -> 0
.012AC( 1, 2) -> 01
.012AC( 1, 3) -> 012
.012AC( 1, 4) -> 012A
.012AC( 1, 5) -> 012AC
.012AC( 2, 0) -> 
.012AC( 2, 1) -> 1
.012AC( 2, 2) -> 12
.012AC( 2, 3) -> 12A
.012AC( 2, 4) -> 12AC
.012AC( 3, 0) -> 
.012AC( 3, 1) -> 2
.012AC( 3, 2) -> 2A
.012AC( 3, 3) -> 2AC
.012AC( 4, 0) -> 
.012AC( 4, 1) -> A
.012AC( 4, 2) -> AC
.012AC( 5, 0) -> 
.012AC( 5, 1) -> C
.012ACE( 0, 0) -> 
.012ACE( 0, 1) -> .
.012ACE( 0, 2) -> .0
.012ACE( 0, 3) -> .01
.012ACE( 0, 4) -> .012
.012ACE( 0, 5) -> .012A
.012ACE( 0, 6) -> .012AC
.012ACE( 0, 7) -> .012ACE
.012ACE( 1, 0) -> 
.012ACE( 1, 1) -> 0
.012ACE( 1, 2) -> 01
.012ACE( 1, 3) -> 012
.012ACE( 1, 4) -> 012A
.012ACE( 1, 5) -> 012AC
.012ACE( 1, 6) -> 012ACE
.012ACE( 2, 0) -> 
.012ACE( 2, 1) -> 1
.012ACE( 2, 2) -> 12
.012ACE( 2, 3) -> 12A
.012ACE( 2, 4) -> 12AC
.012ACE( 2, 5) -> 12ACE
.012ACE( 3, 0) -> 
.012ACE( 3, 1) -> 2
.012ACE( 3, 2) -> 2A
.012ACE( 3, 3) -> 2AC
.012ACE( 3, 4) -> 2ACE
.012ACE( 4, 0) -> 
.012ACE( 4, 1) -> A
.012ACE( 4, 2) -> AC
.012ACE( 4, 3) -> ACE
.012ACE( 5, 0) -> 
.012ACE( 5, 1) -> C
.012ACE( 5, 2) -> CE
.012ACE( 6, 0) -> 
.012ACE( 6, 1) -> E
.012ACEI( 0, 0) -> 
.012ACEI( 0, 1) -> .
.012ACEI( 0, 2) -> .0
.012ACEI( 0, 3) -> .01
.012ACEI( 0, 4) -> .012
.012ACEI( 0, 5) -> .012A
.012ACEI( 0, 6) -> .012AC
.012ACEI( 0, 7) -> .012ACE
.012ACEI( 0, 8) -> .012ACEI
.012ACEI( 1, 0) -> 
.012ACEI( 1, 1) -> 0
.012ACEI( 1, 2) -> 01
.012ACEI( 1, 3) -> 012
.012ACEI( 1, 4) -> 012A
.012ACEI( 1, 5) -> 012AC
.012ACEI( 1, 6) -> 012ACE
.012ACEI( 1, 7) -> 012ACEI
.012ACEI( 2, 0) -> 
.012ACEI( 2, 1) -> 1
.012ACEI( 2, 2) -> 12
.012ACEI( 2, 3) -> 12A
.012ACEI( 2, 4) -> 12AC
.012ACEI( 2, 5) -> 12ACE
.012ACEI( 2, 6) -> 12ACEI
.012ACEI( 3, 0) -> 
.012ACEI( 3, 1) -> 2
.012ACEI( 3, 2) -> 2A
.012ACEI( 3, 3) -> 2AC
.012ACEI( 3, 4) -> 2ACE
.012ACEI( 3, 5) -> 2ACEI
.012ACEI( 4, 0) -> 
.012ACEI( 4, 1) -> A
.012ACEI( 4, 2) -> AC
.012ACEI( 4, 3) -> ACE
.012ACEI( 4, 4) -> ACEI
.012ACEI( 5, 0) -> 
.012ACEI( 5, 1) -> C
.012ACEI( 5, 2) -> CE
.012ACEI( 5, 3) -> CEI
.012ACEI( 6, 0) -> 
.012ACEI( 6, 1) -> E
.012ACEI( 6, 2) -> EI
.012ACEI( 7, 0) -> 
.012ACEI( 7, 1) -> I
