ASCII: VfL Bochum 1848

UTF16: VfL Bochum 1848

UTF32: VfL Bochum 1848

ASCII: VfL Bochum 1848

UTF16: VfL Bochum 1848

UTF32: VfL Bochum 1848

ASCII: VfL Bochum 1848

UTF16: VfL Bochum 1848

UTF32: VfL Bochum 1848

