20:  !"#$%&'()*+,-./
30: 0123456789:;<=>?
40: @ABCDEFGHIJKLMNO
50: PQRSTUVWXYZ[\]^_
60: `abcdefghijklmno
70: pqrstuvwxyz{|}~
80: ÄÅÇÉÑÖÜáàâäãåçéè
90: êëíìîïñóòôöõúùûü
a0: †°¢£§•¶ß®©™´¨≠ÆØ
b0: ∞±≤≥¥µ∂∑∏π∫ªºΩæø
c0: ¿¡¬√ƒ≈∆«»… ÀÃÕŒœ
d0: –—“”‘’÷◊ÿŸ⁄€‹›ﬁﬂ
e0: ‡·‚„‰ÂÊÁËÈÍÎÏÌÓÔ
f0: ÒÚÛÙıˆ˜¯˘˙˚¸˝˛ˇ
