20:  !"#$%&'()*+,-./
30: 0123456789:;<=>?
40: @ABCDEFGHIJKLMNO
50: PQRSTUVWXYZ[\]^_
60: `abcdefghijklmno
70: pqrstuvwxyz{|}~
80:  ÀÁÂÃÄÅÇÈÉÊËÌÍÎÏ
90: ÐÑÒÓÔÕÖÙÚÛÜÝÞµ×÷
a0: ©¡¢£⁄¥ƒ§¤’“«‹›ﬁﬂ
b0: ®–†‡·¦¶∙‚„”»⋯‰¬¿
c0: ¹̀´̂̃¯˘˙¨²°¸³˝˛ˇ
d0: ̵±¼½¾àáâãäåçèéêë
e0: ìÆíªîïðñŁØŒºòóôõ
f0: öæùúûıüýłøœßþÿ
