utf8  length: 6
utf16 length: 4
utf32 length: 3
utf8  length: 8
utf16 length: 6
utf32 length: 6
