.ACDEINOPST_abcdefghilmnoprstuy
3c1
.u
128398a4
DEINOP
