32bit:  (0): 0x0
64bit:  (0): 0x0
32bit: A (1): 0x5
64bit: A (1): 0x5
32bit: AA (2): 0xa5
64bit: AA (2): 0xa5
32bit: AAA (3): 0x14a5
64bit: AAA (3): 0x14a5
32bit: AAAA (4): 0x294a5
64bit: AAAA (4): 0x294a5
32bit: AAAAA (5): 0x5294a5
64bit: AAAAA (5): 0x5294a5
32bit: AAAAAA (6): 0xa5294a5
64bit: AAAAAA (6): 0xa5294a5
64bit: AAAAAAA (7): 0x14a5294a5
64bit: AAAAAAAA (8): 0x294a5294a5
64bit: AAAAAAAAA (9): 0x5294a5294a5
64bit: AAAAAAAAAA (10): 0xa5294a5294a5
64bit: AAAAAAAAAAA (11): 0x14a5294a5294a5
64bit: AAAAAAAAAAAA (12): 0x294a5294a5294a5
