mulle_utf8_strspn( NULL, NULL) = 0 (0)
mulle_utf8_strspn( "", NULL) = 0 (0)
mulle_utf8_strspn( NULL, "") = 0 (0)
mulle_utf8_strspn( "", "") = 0 (0)
mulle_utf8_strspn( "", "") = 0 (0)
mulle_utf8_strspn( NULL, "") = 0 (0)
mulle_utf8_strspn( "abcd", "a") = 1 (1)
mulle_utf8_strspn( "abcd", "b") = 0 (0)
mulle_utf8_strspn( "abcd", "d") = 0 (0)
mulle_utf8_strspn( "abcd", "d") = 0 (0)
mulle_utf8_strspn( "abcd", "xyz") = 0 (0)
mulle_utf8_strspn( "abcd", "xcz") = 0 (0)
mulle_utf8_strspn( "abcd", "ab") = 2 (2)
mulle_utf8_strspn( "abcd", "bc") = 0 (0)
mulle_utf8_strspn( "abcd", "abc") = 3 (3)
mulle_utf8_strspn( "abc", "b") = 0 (0)
mulle_utf8_strspn( "abc", "abc") = 3 (3)
